// Jest Snapshot v1, https://goo.gl/fbAQLP

exports[`SideBar Component macthes snapshot 1`] = `
<DocumentFragment>
  <section
    class="sideBar dark"
  >
    <h1
      class="heading"
    >
      <span>
        Little
      </span>
      <span>
        Book
      </span>
    </h1>
    <div>
      FilterSection
    </div>
    <div
      class="actions"
    >
      <h2>
        View Members
      </h2>
      <h2>
        Switch to Light Mode
      </h2>
    </div>
    <div
      class="modal dark"
    >
      <div
        class="content slideIn "
      >
        <div>
          MembersSection
        </div>
      </div>
    </div>
  </section>
</DocumentFragment>
`;
